2026-09-05 05:21:44.215: [INFO] CurrentProfilePath: C:\Users\visha\eclipse-workspace\mavan project\.metadata\.plugins\org.eclipse.swt\EBWebView\Default
2026-09-05 05:21:44.215: [INFO] Profiles total count: 1
2026-09-05 05:21:44.215: [INFO] Profile: name=Profile 1 path=C:\Users\visha\eclipse-workspace\mavan project\.metadata\.plugins\org.eclipse.swt\EBWebView\Default lastActive=null
2026-09-05 05:21:44.215: [INFO] LastUsedProfileDir: C:\Users\visha\eclipse-workspace\mavan project\.metadata\.plugins\org.eclipse.swt\EBWebView\Default
2026-09-05 05:21:44.215: [INFO] OnDoneLoading sync enabled: 0
2026-09-05 05:21:44.215: [INFO] BookmarkModelLoaded, ids_reassigned: 0
2026-09-05 05:21:44.215: [INFO] BookmarksLoadDropped droppedNodes=0
2026-09-05 05:21:44.215: [INFO] BookmarksSnapshot Startup total=0 bar=0 other=0 mobile=0 showBar=0 showBarNTP=1
2026-09-05 05:21:58.423: [INFO] BookmarksSnapshot Shutdown total=0 bar=0 other=0 mobile=0 showBar=0 showBarNTP=1
2026-09-05 05:21:59.188: [INFO] CurrentProfilePath: C:\Users\visha\eclipse-workspace\mavan project\.metadata\.plugins\org.eclipse.swt\EBWebView\Default
2026-09-05 05:21:59.188: [INFO] Profiles total count: 1
2026-09-05 05:21:59.188: [INFO] Profile: name=Profile 1 path=C:\Users\visha\eclipse-workspace\mavan project\.metadata\.plugins\org.eclipse.swt\EBWebView\Default lastActive=2026-09-05T05:21:45.237Z
2026-09-05 05:21:59.188: [INFO] LastUsedProfileDir: C:\Users\visha\eclipse-workspace\mavan project\.metadata\.plugins\org.eclipse.swt\EBWebView\Default
2026-09-05 05:21:59.188: [INFO] MostRecentlyActiveProfile: name=Profile 1 path=C:\Users\visha\eclipse-workspace\mavan project\.metadata\.plugins\org.eclipse.swt\EBWebView\Default lastActive=2026-09-05T05:21:45.237Z
2026-09-05 05:21:59.188: [INFO] OnDoneLoading sync enabled: 0
2026-09-05 05:21:59.188: [INFO] BookmarkModelLoaded, ids_reassigned: 0
2026-09-05 05:21:59.188: [INFO] BookmarksLoadDropped droppedNodes=0
2026-09-05 05:21:59.188: [INFO] BookmarksSnapshot Startup total=0 bar=0 other=0 mobile=0 showBar=0 showBarNTP=1
2026-09-05 06:30:15.453: [INFO] BookmarksSnapshot Shutdown total=0 bar=0 other=0 mobile=0 showBar=0 showBarNTP=1
2026-09-06 09:54:03.114: [INFO] CurrentProfilePath: C:\Users\visha\eclipse-workspace\mavan project\.metadata\.plugins\org.eclipse.swt\EBWebView\Default
2026-09-06 09:54:03.114: [INFO] Profiles total count: 1
2026-09-06 09:54:03.114: [INFO] Profile: name=Profile 1 path=C:\Users\visha\eclipse-workspace\mavan project\.metadata\.plugins\org.eclipse.swt\EBWebView\Default lastActive=2026-09-05T05:29:37.309Z
2026-09-06 09:54:03.114: [INFO] LastUsedProfileDir: C:\Users\visha\eclipse-workspace\mavan project\.metadata\.plugins\org.eclipse.swt\EBWebView\Default
2026-09-06 09:54:03.114: [INFO] MostRecentlyActiveProfile: name=Profile 1 path=C:\Users\visha\eclipse-workspace\mavan project\.metadata\.plugins\org.eclipse.swt\EBWebView\Default lastActive=2026-09-05T05:29:37.309Z
2026-09-06 09:54:03.114: [INFO] OnDoneLoading sync enabled: 0
2026-09-06 09:54:03.114: [INFO] BookmarkModelLoaded, ids_reassigned: 0
2026-09-06 09:54:03.114: [INFO] BookmarksLoadDropped droppedNodes=0
2026-09-06 09:54:03.114: [INFO] BookmarksSnapshot Startup total=0 bar=0 other=0 mobile=0 showBar=0 showBarNTP=1
2026-09-06 09:54:15.951: [INFO] BookmarksSnapshot Shutdown total=0 bar=0 other=0 mobile=0 showBar=0 showBarNTP=1
2026-09-07 11:22:35.627: [INFO] CurrentProfilePath: C:\Users\visha\eclipse-workspace\mavan project\.metadata\.plugins\org.eclipse.swt\EBWebView\Default
2026-09-07 11:22:35.627: [INFO] Profiles total count: 1
2026-09-07 11:22:35.627: [INFO] Profile: name=Profile 1 path=C:\Users\visha\eclipse-workspace\mavan project\.metadata\.plugins\org.eclipse.swt\EBWebView\Default lastActive=2026-09-05T05:29:37.309Z
2026-09-07 11:22:35.627: [INFO] LastUsedProfileDir: C:\Users\visha\eclipse-workspace\mavan project\.metadata\.plugins\org.eclipse.swt\EBWebView\Default
2026-09-07 11:22:35.627: [INFO] MostRecentlyActiveProfile: name=Profile 1 path=C:\Users\visha\eclipse-workspace\mavan project\.metadata\.plugins\org.eclipse.swt\EBWebView\Default lastActive=2026-09-05T05:29:37.309Z
2026-09-07 11:22:35.627: [INFO] OnDoneLoading sync enabled: 0
2026-09-07 11:22:35.627: [INFO] BookmarkModelLoaded, ids_reassigned: 0
2026-09-07 11:22:35.627: [INFO] BookmarksLoadDropped droppedNodes=0
2026-09-07 11:22:35.627: [INFO] BookmarksSnapshot Startup total=0 bar=0 other=0 mobile=0 showBar=0 showBarNTP=1
2026-09-07 11:56:54.174: [INFO] BookmarksSnapshot Shutdown total=0 bar=0 other=0 mobile=0 showBar=0 showBarNTP=1
2026-09-07 16:51:17.323: [INFO] CurrentProfilePath: C:\Users\visha\eclipse-workspace\mavan project\.metadata\.plugins\org.eclipse.swt\EBWebView\Default
2026-09-07 16:51:17.323: [INFO] Profiles total count: 1
2026-09-07 16:51:17.323: [INFO] Profile: name=Profile 1 path=C:\Users\visha\eclipse-workspace\mavan project\.metadata\.plugins\org.eclipse.swt\EBWebView\Default lastActive=2026-09-05T05:29:37.309Z
2026-09-07 16:51:17.323: [INFO] LastUsedProfileDir: C:\Users\visha\eclipse-workspace\mavan project\.metadata\.plugins\org.eclipse.swt\EBWebView\Default
2026-09-07 16:51:17.323: [INFO] MostRecentlyActiveProfile: name=Profile 1 path=C:\Users\visha\eclipse-workspace\mavan project\.metadata\.plugins\org.eclipse.swt\EBWebView\Default lastActive=2026-09-05T05:29:37.309Z
2026-09-07 16:51:17.323: [INFO] OnDoneLoading sync enabled: 0
2026-09-07 16:51:17.323: [INFO] BookmarkModelLoaded, ids_reassigned: 0
2026-09-07 16:51:17.323: [INFO] BookmarksLoadDropped droppedNodes=0
2026-09-07 16:51:17.323: [INFO] BookmarksSnapshot Startup total=0 bar=0 other=0 mobile=0 showBar=0 showBarNTP=1
2026-09-07 16:52:04.002: [INFO] BookmarksSnapshot Shutdown total=0 bar=0 other=0 mobile=0 showBar=0 showBarNTP=1
2026-09-08 08:28:17.408: [INFO] CurrentProfilePath: C:\Users\visha\eclipse-workspace\mavan project\.metadata\.plugins\org.eclipse.swt\EBWebView\Default
2026-09-08 08:28:17.408: [INFO] Profiles total count: 1
2026-09-08 08:28:17.408: [INFO] Profile: name=Profile 1 path=C:\Users\visha\eclipse-workspace\mavan project\.metadata\.plugins\org.eclipse.swt\EBWebView\Default lastActive=2026-09-07T16:51:20.717Z
2026-09-08 08:28:17.408: [INFO] LastUsedProfileDir: C:\Users\visha\eclipse-workspace\mavan project\.metadata\.plugins\org.eclipse.swt\EBWebView\Default
2026-09-08 08:28:17.408: [INFO] MostRecentlyActiveProfile: name=Profile 1 path=C:\Users\visha\eclipse-workspace\mavan project\.metadata\.plugins\org.eclipse.swt\EBWebView\Default lastActive=2026-09-07T16:51:20.717Z
2026-09-08 08:28:17.408: [INFO] OnDoneLoading sync enabled: 0
2026-09-08 08:28:17.408: [INFO] BookmarkModelLoaded, ids_reassigned: 0
2026-09-08 08:28:17.408: [INFO] BookmarksLoadDropped droppedNodes=0
2026-09-08 08:28:17.408: [INFO] BookmarksSnapshot Startup total=0 bar=0 other=0 mobile=0 showBar=0 showBarNTP=1
2026-09-08 08:35:45.033: [INFO] BookmarksSnapshot Shutdown total=0 bar=0 other=0 mobile=0 showBar=0 showBarNTP=1
2026-09-08 09:07:45.400: [INFO] CurrentProfilePath: C:\Users\visha\eclipse-workspace\mavan project\.metadata\.plugins\org.eclipse.swt\EBWebView\Default
2026-09-08 09:07:45.400: [INFO] Profiles total count: 1
2026-09-08 09:07:45.400: [INFO] Profile: name=Profile 1 path=C:\Users\visha\eclipse-workspace\mavan project\.metadata\.plugins\org.eclipse.swt\EBWebView\Default lastActive=2026-09-08T08:28:25.974Z
2026-09-08 09:07:45.400: [INFO] LastUsedProfileDir: C:\Users\visha\eclipse-workspace\mavan project\.metadata\.plugins\org.eclipse.swt\EBWebView\Default
2026-09-08 09:07:45.400: [INFO] MostRecentlyActiveProfile: name=Profile 1 path=C:\Users\visha\eclipse-workspace\mavan project\.metadata\.plugins\org.eclipse.swt\EBWebView\Default lastActive=2026-09-08T08:28:25.974Z
2026-09-08 09:07:45.400: [INFO] OnDoneLoading sync enabled: 0
2026-09-08 09:07:45.400: [INFO] BookmarkModelLoaded, ids_reassigned: 0
2026-09-08 09:07:45.400: [INFO] BookmarksLoadDropped droppedNodes=0
2026-09-08 09:07:45.400: [INFO] BookmarksSnapshot Startup total=0 bar=0 other=0 mobile=0 showBar=0 showBarNTP=1
2026-09-09 05:20:53.643: [INFO] BookmarksSnapshot Shutdown total=0 bar=0 other=0 mobile=0 showBar=0 showBarNTP=1
2026-09-09 05:21:50.575: [INFO] CurrentProfilePath: C:\Users\visha\eclipse-workspace\mavan project\.metadata\.plugins\org.eclipse.swt\EBWebView\Default
2026-09-09 05:21:50.575: [INFO] Profiles total count: 1
2026-09-09 05:21:50.575: [INFO] Profile: name=Profile 1 path=C:\Users\visha\eclipse-workspace\mavan project\.metadata\.plugins\org.eclipse.swt\EBWebView\Default lastActive=2026-09-08T08:28:25.974Z
2026-09-09 05:21:50.575: [INFO] LastUsedProfileDir: C:\Users\visha\eclipse-workspace\mavan project\.metadata\.plugins\org.eclipse.swt\EBWebView\Default
2026-09-09 05:21:50.575: [INFO] MostRecentlyActiveProfile: name=Profile 1 path=C:\Users\visha\eclipse-workspace\mavan project\.metadata\.plugins\org.eclipse.swt\EBWebView\Default lastActive=2026-09-08T08:28:25.974Z
2026-09-09 05:21:50.575: [INFO] OnDoneLoading sync enabled: 0
2026-09-09 05:21:50.575: [INFO] BookmarkModelLoaded, ids_reassigned: 0
2026-09-09 05:21:50.575: [INFO] BookmarksLoadDropped droppedNodes=0
2026-09-09 05:21:50.575: [INFO] BookmarksSnapshot Startup total=0 bar=0 other=0 mobile=0 showBar=0 showBarNTP=1
2026-09-12 04:28:30.378: [INFO] CurrentProfilePath: C:\Users\visha\eclipse-workspace\mavan project\.metadata\.plugins\org.eclipse.swt\EBWebView\Default
2026-09-12 04:28:30.378: [INFO] Profiles total count: 1
2026-09-12 04:28:30.378: [INFO] Profile: name=Profile 1 path=C:\Users\visha\eclipse-workspace\mavan project\.metadata\.plugins\org.eclipse.swt\EBWebView\Default lastActive=2026-09-09T05:21:54.182Z
2026-09-12 04:28:30.378: [INFO] LastUsedProfileDir: C:\Users\visha\eclipse-workspace\mavan project\.metadata\.plugins\org.eclipse.swt\EBWebView\Default
2026-09-12 04:28:30.378: [INFO] MostRecentlyActiveProfile: name=Profile 1 path=C:\Users\visha\eclipse-workspace\mavan project\.metadata\.plugins\org.eclipse.swt\EBWebView\Default lastActive=2026-09-09T05:21:54.182Z
2026-09-12 04:28:30.378: [INFO] OnDoneLoading sync enabled: 0
2026-09-12 04:28:30.378: [INFO] BookmarkModelLoaded, ids_reassigned: 0
2026-09-12 04:28:30.378: [INFO] BookmarksLoadDropped droppedNodes=0
2026-09-12 04:28:30.378: [INFO] BookmarksSnapshot Startup total=0 bar=0 other=0 mobile=0 showBar=0 showBarNTP=1
2026-09-12 04:28:35.130: [INFO] BookmarksSnapshot Shutdown total=0 bar=0 other=0 mobile=0 showBar=0 showBarNTP=1
2026-09-12 04:43:17.868: [INFO] CurrentProfilePath: C:\Users\visha\eclipse-workspace\mavan project\.metadata\.plugins\org.eclipse.swt\EBWebView\Default
2026-09-12 04:43:17.868: [INFO] Profiles total count: 1
2026-09-12 04:43:17.868: [INFO] Profile: name=Profile 1 path=C:\Users\visha\eclipse-workspace\mavan project\.metadata\.plugins\org.eclipse.swt\EBWebView\Default lastActive=2026-09-12T04:28:34.344Z
2026-09-12 04:43:17.868: [INFO] LastUsedProfileDir: C:\Users\visha\eclipse-workspace\mavan project\.metadata\.plugins\org.eclipse.swt\EBWebView\Default
2026-09-12 04:43:17.868: [INFO] MostRecentlyActiveProfile: name=Profile 1 path=C:\Users\visha\eclipse-workspace\mavan project\.metadata\.plugins\org.eclipse.swt\EBWebView\Default lastActive=2026-09-12T04:28:34.344Z
2026-09-12 04:43:17.868: [INFO] OnDoneLoading sync enabled: 0
2026-09-12 04:43:17.868: [INFO] BookmarkModelLoaded, ids_reassigned: 0
2026-09-12 04:43:17.868: [INFO] BookmarksLoadDropped droppedNodes=0
2026-09-12 04:43:17.868: [INFO] BookmarksSnapshot Startup total=0 bar=0 other=0 mobile=0 showBar=0 showBarNTP=1
2026-09-12 04:44:10.398: [INFO] BookmarksSnapshot Shutdown total=0 bar=0 other=0 mobile=0 showBar=0 showBarNTP=1
2026-09-12 04:47:30.853: [INFO] CurrentProfilePath: C:\Users\visha\eclipse-workspace\mavan project\.metadata\.plugins\org.eclipse.swt\EBWebView\Default
2026-09-12 04:47:30.853: [INFO] Profiles total count: 1
2026-09-12 04:47:30.853: [INFO] Profile: name=Profile 1 path=C:\Users\visha\eclipse-workspace\mavan project\.metadata\.plugins\org.eclipse.swt\EBWebView\Default lastActive=2026-09-12T04:28:34.344Z
2026-09-12 04:47:30.853: [INFO] LastUsedProfileDir: C:\Users\visha\eclipse-workspace\mavan project\.metadata\.plugins\org.eclipse.swt\EBWebView\Default
2026-09-12 04:47:30.853: [INFO] MostRecentlyActiveProfile: name=Profile 1 path=C:\Users\visha\eclipse-workspace\mavan project\.metadata\.plugins\org.eclipse.swt\EBWebView\Default lastActive=2026-09-12T04:28:34.344Z
2026-09-12 04:47:30.853: [INFO] OnDoneLoading sync enabled: 0
2026-09-12 04:47:30.853: [INFO] BookmarkModelLoaded, ids_reassigned: 0
2026-09-12 04:47:30.853: [INFO] BookmarksLoadDropped droppedNodes=0
2026-09-12 04:47:30.853: [INFO] BookmarksSnapshot Startup total=0 bar=0 other=0 mobile=0 showBar=0 showBarNTP=1
2026-09-12 05:13:40.206: [INFO] BookmarksSnapshot Shutdown total=0 bar=0 other=0 mobile=0 showBar=0 showBarNTP=1
2026-09-12 05:15:20.761: [INFO] CurrentProfilePath: C:\Users\visha\eclipse-workspace\mavan project\.metadata\.plugins\org.eclipse.swt\EBWebView\Default
2026-09-12 05:15:20.761: [INFO] Profiles total count: 1
2026-09-12 05:15:20.761: [INFO] Profile: name=Profile 1 path=C:\Users\visha\eclipse-workspace\mavan project\.metadata\.plugins\org.eclipse.swt\EBWebView\Default lastActive=2026-09-12T04:28:34.344Z
2026-09-12 05:15:20.761: [INFO] LastUsedProfileDir: C:\Users\visha\eclipse-workspace\mavan project\.metadata\.plugins\org.eclipse.swt\EBWebView\Default
2026-09-12 05:15:20.761: [INFO] MostRecentlyActiveProfile: name=Profile 1 path=C:\Users\visha\eclipse-workspace\mavan project\.metadata\.plugins\org.eclipse.swt\EBWebView\Default lastActive=2026-09-12T04:28:34.344Z
2026-09-12 05:15:20.761: [INFO] OnDoneLoading sync enabled: 0
2026-09-12 05:15:20.761: [INFO] BookmarkModelLoaded, ids_reassigned: 0
2026-09-12 05:15:20.761: [INFO] BookmarksLoadDropped droppedNodes=0
2026-09-12 05:15:20.761: [INFO] BookmarksSnapshot Startup total=0 bar=0 other=0 mobile=0 showBar=0 showBarNTP=1
2026-09-12 05:15:30.896: [INFO] BookmarksSnapshot Shutdown total=0 bar=0 other=0 mobile=0 showBar=0 showBarNTP=1
2026-09-12 05:17:58.946: [INFO] CurrentProfilePath: C:\Users\visha\eclipse-workspace\mavan project\.metadata\.plugins\org.eclipse.swt\EBWebView\Default
2026-09-12 05:17:58.946: [INFO] Profiles total count: 1
2026-09-12 05:17:58.946: [INFO] Profile: name=Profile 1 path=C:\Users\visha\eclipse-workspace\mavan project\.metadata\.plugins\org.eclipse.swt\EBWebView\Default lastActive=2026-09-12T04:28:34.344Z
2026-09-12 05:17:58.946: [INFO] LastUsedProfileDir: C:\Users\visha\eclipse-workspace\mavan project\.metadata\.plugins\org.eclipse.swt\EBWebView\Default
2026-09-12 05:17:58.946: [INFO] MostRecentlyActiveProfile: name=Profile 1 path=C:\Users\visha\eclipse-workspace\mavan project\.metadata\.plugins\org.eclipse.swt\EBWebView\Default lastActive=2026-09-12T04:28:34.344Z
2026-09-12 05:17:58.946: [INFO] OnDoneLoading sync enabled: 0
2026-09-12 05:17:58.946: [INFO] BookmarkModelLoaded, ids_reassigned: 0
2026-09-12 05:17:58.946: [INFO] BookmarksLoadDropped droppedNodes=0
2026-09-12 05:17:58.946: [INFO] BookmarksSnapshot Startup total=0 bar=0 other=0 mobile=0 showBar=0 showBarNTP=1
2026-09-12 05:18:04.805: [INFO] BookmarksSnapshot Shutdown total=0 bar=0 other=0 mobile=0 showBar=0 showBarNTP=1
2026-09-12 05:19:03.103: [INFO] CurrentProfilePath: C:\Users\visha\eclipse-workspace\mavan project\.metadata\.plugins\org.eclipse.swt\EBWebView\Default
2026-09-12 05:19:03.103: [INFO] Profiles total count: 1
2026-09-12 05:19:03.103: [INFO] Profile: name=Profile 1 path=C:\Users\visha\eclipse-workspace\mavan project\.metadata\.plugins\org.eclipse.swt\EBWebView\Default lastActive=2026-09-12T04:28:34.344Z
2026-09-12 05:19:03.103: [INFO] LastUsedProfileDir: C:\Users\visha\eclipse-workspace\mavan project\.metadata\.plugins\org.eclipse.swt\EBWebView\Default
2026-09-12 05:19:03.103: [INFO] MostRecentlyActiveProfile: name=Profile 1 path=C:\Users\visha\eclipse-workspace\mavan project\.metadata\.plugins\org.eclipse.swt\EBWebView\Default lastActive=2026-09-12T04:28:34.344Z
2026-09-12 05:19:03.103: [INFO] OnDoneLoading sync enabled: 0
2026-09-12 05:19:03.103: [INFO] BookmarkModelLoaded, ids_reassigned: 0
2026-09-12 05:19:03.103: [INFO] BookmarksLoadDropped droppedNodes=0
2026-09-12 05:19:03.103: [INFO] BookmarksSnapshot Startup total=0 bar=0 other=0 mobile=0 showBar=0 showBarNTP=1
2026-09-12 05:19:10.515: [INFO] BookmarksSnapshot Shutdown total=0 bar=0 other=0 mobile=0 showBar=0 showBarNTP=1
2026-09-12 05:44:08.910: [INFO] CurrentProfilePath: C:\Users\visha\eclipse-workspace\mavan project\.metadata\.plugins\org.eclipse.swt\EBWebView\Default
2026-09-12 05:44:08.910: [INFO] Profiles total count: 1
2026-09-12 05:44:08.910: [INFO] Profile: name=Profile 1 path=C:\Users\visha\eclipse-workspace\mavan project\.metadata\.plugins\org.eclipse.swt\EBWebView\Default lastActive=2026-09-12T04:28:34.344Z
2026-09-12 05:44:08.910: [INFO] LastUsedProfileDir: C:\Users\visha\eclipse-workspace\mavan project\.metadata\.plugins\org.eclipse.swt\EBWebView\Default
2026-09-12 05:44:08.910: [INFO] MostRecentlyActiveProfile: name=Profile 1 path=C:\Users\visha\eclipse-workspace\mavan project\.metadata\.plugins\org.eclipse.swt\EBWebView\Default lastActive=2026-09-12T04:28:34.344Z
2026-09-12 05:44:08.910: [INFO] OnDoneLoading sync enabled: 0
2026-09-12 05:44:08.910: [INFO] BookmarkModelLoaded, ids_reassigned: 0
2026-09-12 05:44:08.910: [INFO] BookmarksLoadDropped droppedNodes=0
2026-09-12 05:44:08.910: [INFO] BookmarksSnapshot Startup total=0 bar=0 other=0 mobile=0 showBar=0 showBarNTP=1
2026-09-12 06:26:29.796: [INFO] BookmarksSnapshot Shutdown total=0 bar=0 other=0 mobile=0 showBar=0 showBarNTP=1
2026-09-12 06:26:42.211: [INFO] CurrentProfilePath: C:\Users\visha\eclipse-workspace\mavan project\.metadata\.plugins\org.eclipse.swt\EBWebView\Default
2026-09-12 06:26:42.211: [INFO] Profiles total count: 1
2026-09-12 06:26:42.211: [INFO] Profile: name=Profile 1 path=C:\Users\visha\eclipse-workspace\mavan project\.metadata\.plugins\org.eclipse.swt\EBWebView\Default lastActive=2026-09-12T04:28:34.344Z
2026-09-12 06:26:42.211: [INFO] LastUsedProfileDir: C:\Users\visha\eclipse-workspace\mavan project\.metadata\.plugins\org.eclipse.swt\EBWebView\Default
2026-09-12 06:26:42.211: [INFO] MostRecentlyActiveProfile: name=Profile 1 path=C:\Users\visha\eclipse-workspace\mavan project\.metadata\.plugins\org.eclipse.swt\EBWebView\Default lastActive=2026-09-12T04:28:34.344Z
2026-09-12 06:26:42.211: [INFO] OnDoneLoading sync enabled: 0
2026-09-12 06:26:42.211: [INFO] BookmarkModelLoaded, ids_reassigned: 0
2026-09-12 06:26:42.211: [INFO] BookmarksLoadDropped droppedNodes=0
2026-09-12 06:26:42.211: [INFO] BookmarksSnapshot Startup total=0 bar=0 other=0 mobile=0 showBar=0 showBarNTP=1
2026-09-12 06:28:04.897: [INFO] BookmarksSnapshot Shutdown total=0 bar=0 other=0 mobile=0 showBar=0 showBarNTP=1
2026-09-13 05:39:06.021: [INFO] CurrentProfilePath: C:\Users\visha\eclipse-workspace\mavan project\.metadata\.plugins\org.eclipse.swt\EBWebView\Default
2026-09-13 05:39:06.021: [INFO] Profiles total count: 1
2026-09-13 05:39:06.021: [INFO] Profile: name=Profile 1 path=C:\Users\visha\eclipse-workspace\mavan project\.metadata\.plugins\org.eclipse.swt\EBWebView\Default lastActive=2026-09-12T04:28:34.344Z
2026-09-13 05:39:06.021: [INFO] LastUsedProfileDir: C:\Users\visha\eclipse-workspace\mavan project\.metadata\.plugins\org.eclipse.swt\EBWebView\Default
2026-09-13 05:39:06.021: [INFO] MostRecentlyActiveProfile: name=Profile 1 path=C:\Users\visha\eclipse-workspace\mavan project\.metadata\.plugins\org.eclipse.swt\EBWebView\Default lastActive=2026-09-12T04:28:34.344Z
2026-09-13 05:39:06.021: [INFO] OnDoneLoading sync enabled: 0
2026-09-13 05:39:06.021: [INFO] BookmarkModelLoaded, ids_reassigned: 0
2026-09-13 05:39:06.021: [INFO] BookmarksLoadDropped droppedNodes=0
2026-09-13 05:39:06.021: [INFO] BookmarksSnapshot Startup total=0 bar=0 other=0 mobile=0 showBar=0 showBarNTP=1
2026-09-13 05:39:10.648: [INFO] BookmarksSnapshot Shutdown total=0 bar=0 other=0 mobile=0 showBar=0 showBarNTP=1
2026-09-13 05:42:20.781: [INFO] CurrentProfilePath: C:\Users\visha\eclipse-workspace\mavan project\.metadata\.plugins\org.eclipse.swt\EBWebView\Default
2026-09-13 05:42:20.781: [INFO] Profiles total count: 1
2026-09-13 05:42:20.781: [INFO] Profile: name=Profile 1 path=C:\Users\visha\eclipse-workspace\mavan project\.metadata\.plugins\org.eclipse.swt\EBWebView\Default lastActive=2026-09-13T05:39:10.097Z
2026-09-13 05:42:20.781: [INFO] LastUsedProfileDir: C:\Users\visha\eclipse-workspace\mavan project\.metadata\.plugins\org.eclipse.swt\EBWebView\Default
2026-09-13 05:42:20.781: [INFO] MostRecentlyActiveProfile: name=Profile 1 path=C:\Users\visha\eclipse-workspace\mavan project\.metadata\.plugins\org.eclipse.swt\EBWebView\Default lastActive=2026-09-13T05:39:10.097Z
2026-09-13 05:42:20.781: [INFO] OnDoneLoading sync enabled: 0
2026-09-13 05:42:20.781: [INFO] BookmarkModelLoaded, ids_reassigned: 0
2026-09-13 05:42:20.781: [INFO] BookmarksLoadDropped droppedNodes=0
2026-09-13 05:42:20.781: [INFO] BookmarksSnapshot Startup total=0 bar=0 other=0 mobile=0 showBar=0 showBarNTP=1
2026-09-13 06:16:54.601: [INFO] BookmarksSnapshot Shutdown total=0 bar=0 other=0 mobile=0 showBar=0 showBarNTP=1
2026-09-13 06:17:28.773: [INFO] CurrentProfilePath: C:\Users\visha\eclipse-workspace\mavan project\.metadata\.plugins\org.eclipse.swt\EBWebView\Default
2026-09-13 06:17:28.773: [INFO] Profiles total count: 1
2026-09-13 06:17:28.773: [INFO] Profile: name=Profile 1 path=C:\Users\visha\eclipse-workspace\mavan project\.metadata\.plugins\org.eclipse.swt\EBWebView\Default lastActive=2026-09-13T05:39:10.097Z
2026-09-13 06:17:28.773: [INFO] LastUsedProfileDir: C:\Users\visha\eclipse-workspace\mavan project\.metadata\.plugins\org.eclipse.swt\EBWebView\Default
2026-09-13 06:17:28.773: [INFO] MostRecentlyActiveProfile: name=Profile 1 path=C:\Users\visha\eclipse-workspace\mavan project\.metadata\.plugins\org.eclipse.swt\EBWebView\Default lastActive=2026-09-13T05:39:10.097Z
2026-09-13 06:17:28.773: [INFO] OnDoneLoading sync enabled: 0
2026-09-13 06:17:28.773: [INFO] BookmarkModelLoaded, ids_reassigned: 0
2026-09-13 06:17:28.773: [INFO] BookmarksLoadDropped droppedNodes=0
2026-09-13 06:17:28.773: [INFO] BookmarksSnapshot Startup total=0 bar=0 other=0 mobile=0 showBar=0 showBarNTP=1
2026-09-13 06:24:12.941: [INFO] BookmarksSnapshot Shutdown total=0 bar=0 other=0 mobile=0 showBar=0 showBarNTP=1
2026-09-15 08:28:57.798: [INFO] CurrentProfilePath: C:\Users\visha\eclipse-workspace\mavan project\.metadata\.plugins\org.eclipse.swt\EBWebView\Default
2026-09-15 08:28:57.798: [INFO] Profiles total count: 1
2026-09-15 08:28:57.798: [INFO] Profile: name=Profile 1 path=C:\Users\visha\eclipse-workspace\mavan project\.metadata\.plugins\org.eclipse.swt\EBWebView\Default lastActive=2026-09-15T08:27:56.186Z
2026-09-15 08:28:57.798: [INFO] LastUsedProfileDir: C:\Users\visha\eclipse-workspace\mavan project\.metadata\.plugins\org.eclipse.swt\EBWebView\Default
2026-09-15 08:28:57.798: [INFO] MostRecentlyActiveProfile: name=Profile 1 path=C:\Users\visha\eclipse-workspace\mavan project\.metadata\.plugins\org.eclipse.swt\EBWebView\Default lastActive=2026-09-15T08:27:56.186Z
2026-09-15 08:28:57.798: [INFO] OnDoneLoading sync enabled: 0
2026-09-15 08:28:57.798: [INFO] BookmarkModelLoaded, ids_reassigned: 0
2026-09-15 08:28:57.798: [INFO] BookmarksLoadDropped droppedNodes=0
2026-09-15 08:28:57.798: [INFO] BookmarksSnapshot Startup total=0 bar=0 other=0 mobile=0 showBar=0 showBarNTP=1
2026-09-15 08:29:04.773: [INFO] BookmarksSnapshot Shutdown total=0 bar=0 other=0 mobile=0 showBar=0 showBarNTP=1
2026-09-15 09:47:11.415: [INFO] CurrentProfilePath: C:\Users\visha\eclipse-workspace\mavan project\.metadata\.plugins\org.eclipse.swt\EBWebView\Default
2026-09-15 09:47:11.416: [INFO] Profiles total count: 1
2026-09-15 09:47:11.416: [INFO] Profile: name=Profile 1 path=C:\Users\visha\eclipse-workspace\mavan project\.metadata\.plugins\org.eclipse.swt\EBWebView\Default lastActive=2026-09-15T08:29:01.342Z
2026-09-15 09:47:11.416: [INFO] LastUsedProfileDir: C:\Users\visha\eclipse-workspace\mavan project\.metadata\.plugins\org.eclipse.swt\EBWebView\Default
2026-09-15 09:47:11.416: [INFO] MostRecentlyActiveProfile: name=Profile 1 path=C:\Users\visha\eclipse-workspace\mavan project\.metadata\.plugins\org.eclipse.swt\EBWebView\Default lastActive=2026-09-15T08:29:01.342Z
2026-09-15 09:47:11.416: [INFO] OnDoneLoading sync enabled: 0
2026-09-15 09:47:11.416: [INFO] BookmarkModelLoaded, ids_reassigned: 0
2026-09-15 09:47:11.416: [INFO] BookmarksLoadDropped droppedNodes=0
2026-09-15 09:47:11.416: [INFO] BookmarksSnapshot Startup total=0 bar=0 other=0 mobile=0 showBar=0 showBarNTP=1
2026-09-15 14:16:48.485: [INFO] BookmarksSnapshot Shutdown total=0 bar=0 other=0 mobile=0 showBar=0 showBarNTP=1
